#0 building with "default" instance using docker driver

#1 [internal] load build definition from Dockerfile-cloudshell
#1 transferring dockerfile: 1.30kB done
#1 WARN: FromAsCasing: 'as' and 'FROM' keywords' casing do not match (line 2)
#1 WARN: FromAsCasing: 'as' and 'FROM' keywords' casing do not match (line 10)
#1 WARN: FromAsCasing: 'as' and 'FROM' keywords' casing do not match (line 43)
#1 WARN: FromAsCasing: 'as' and 'FROM' keywords' casing do not match (line 48)
#1 WARN: FromAsCasing: 'as' and 'FROM' keywords' casing do not match (line 52)
#1 DONE 0.0s

#2 [internal] load metadata for docker.io/library/node:20-alpine
#2 DONE 1.1s

#3 [internal] load metadata for docker.io/library/golang:1.23-alpine
#3 DONE 1.2s

#4 [internal] load .dockerignore
#4 transferring context: 62B done
#4 DONE 0.0s

#5 [release 1/2] WORKDIR /app
#5 DONE 0.0s

#6 [go-base 1/9] FROM docker.io/library/golang:1.23-alpine@sha256:383395b794dffa5b53012a212365d40c8e37109a626ca30d6151c8348d380b5f
#6 resolve docker.io/library/golang:1.23-alpine@sha256:383395b794dffa5b53012a212365d40c8e37109a626ca30d6151c8348d380b5f 0.0s done
#6 CANCELED

#7 [internal] load build context
#7 transferring context: 1.66MB 0.1s done
#7 DONE 0.1s

#8 [go-base 4/9] COPY go.mod go.mod
#8 CACHED

#9 [go-base 5/9] COPY go.sum go.sum
#9 CACHED

#10 [go-base 2/9] RUN mkdir -p /tmp/.go/cache /tmp/.go/modcache /tmp/.go/tmp /app
#10 CACHED

#11 [go-base 3/9] WORKDIR /app
#11 CACHED

#12 [go-base 6/9] COPY vendor vendor
#12 ERROR: failed to calculate checksum of ref 2g81obqqhx82l3tbwm9yrsf24::zcmyyx59cbo87eapnewgoq6zy: "/vendor": not found

#13 [ui-builder 1/5] FROM docker.io/library/node:20-alpine@sha256:fb4cd12c85ee03686f6af5362a0b0d56d50c58a04632e6c0fb8363f609372293
#13 resolve docker.io/library/node:20-alpine@sha256:fb4cd12c85ee03686f6af5362a0b0d56d50c58a04632e6c0fb8363f609372293 0.0s done
#13 CANCELED
------
 > [go-base 6/9] COPY vendor vendor:
------

 [33m7 warnings found (use docker --debug to expand):
[0m - SecretsUsedInArgOrEnv: Do not use ARG or ENV instructions for sensitive data (ENV "BASIC_AUTH_PASSWORD") (line 27)
 - FromAsCasing: 'as' and 'FROM' keywords' casing do not match (line 2)
 - FromAsCasing: 'as' and 'FROM' keywords' casing do not match (line 10)
 - FromAsCasing: 'as' and 'FROM' keywords' casing do not match (line 43)
 - FromAsCasing: 'as' and 'FROM' keywords' casing do not match (line 48)
 - FromAsCasing: 'as' and 'FROM' keywords' casing do not match (line 52)
 - SecretsUsedInArgOrEnv: Do not use ARG or ENV instructions for sensitive data (ARG "BASIC_AUTH_PASSWORD") (line 21)
Dockerfile-cloudshell:37
--------------------
  35 |     
  36 |     # Use vendor directory to bypass networking issues in Cloud Shell Docker
  37 | >>> COPY vendor vendor
  38 |     
  39 |     COPY cmd cmd
--------------------
ERROR: failed to build: failed to solve: failed to compute cache key: failed to calculate checksum of ref 2g81obqqhx82l3tbwm9yrsf24::zcmyyx59cbo87eapnewgoq6zy: "/vendor": not found
